[C:/Users/User/Desktop/Кукла лол/backblue.gif]
[C:/Users/User/Desktop/Кукла лол/fade.gif]
[C:/Users/User/Desktop/Кукла лол/index.html]
[C:/Users/User/Desktop/Кукла лол/lol-belarus.ru/favicon.gif]
[C:/Users/User/Desktop/Кукла лол/ajax.googleapis.com/ajax/libs/jquery/2.1.3/jquery.min.js]
[C:/Users/User/Desktop/Кукла лол/static.best-gooods.ru/js/jquery.js]
[C:/Users/User/Desktop/Кукла лол/static.best-gooods.ru/js/plugins.js]
[C:/Users/User/Desktop/Кукла лол/static.best-gooods.ru/js/detect.js]
[C:/Users/User/Desktop/Кукла лол/static.best-gooods.ru/js/vtracker.js]
[C:/Users/User/Desktop/Кукла лол/lol-belarus.ru/img/pic-1.jpg]
[C:/Users/User/Desktop/Кукла лол/lol-belarus.ru/img/photo1.jpg]
[C:/Users/User/Desktop/Кукла лол/lol-belarus.ru/img/photo2.jpg]
[C:/Users/User/Desktop/Кукла лол/lol-belarus.ru/img/photo3.jpg]
[C:/Users/User/Desktop/Кукла лол/lol-belarus.ru/img/photo4.jpg]
[C:/Users/User/Desktop/Кукла лол/lol-belarus.ru/img/photo5.jpg]
[C:/Users/User/Desktop/Кукла лол/lol-belarus.ru/img/photo6.jpg]
[C:/Users/User/Desktop/Кукла лол/lol-belarus.ru/img/rev-1.jpg]
[C:/Users/User/Desktop/Кукла лол/lol-belarus.ru/img/rev-2.jpg]
[C:/Users/User/Desktop/Кукла лол/lol-belarus.ru/img/rev-3.jpg]
[C:/Users/User/Desktop/Кукла лол/lol-belarus.ru/img/gal-bg.jpg]
[C:/Users/User/Desktop/Кукла лол/best-gooods.ru/lands-img/cop1-b-800.png]
[C:/Users/User/Desktop/Кукла лол/best-gooods.ru/lands-img/cop1-b-320.png]
[C:/Users/User/Desktop/Кукла лол/static.best-gooods.ru/js/previewYouTube.js]
[C:/Users/User/Desktop/Кукла лол/lol-belarus.ru/index.html]
[C:/Users/User/Desktop/Кукла лол/lol-belarus.ru/css/settings.css]
[C:/Users/User/Desktop/Кукла лол/lol-belarus.ru/css/slick.css]
[C:/Users/User/Desktop/Кукла лол/lol-belarus.ru/img/top-bg.jpg]
[C:/Users/User/Desktop/Кукла лол/lol-belarus.ru/img/del-icon.png]
[C:/Users/User/Desktop/Кукла лол/lol-belarus.ru/img/arrow-icon.png]
[C:/Users/User/Desktop/Кукла лол/lol-belarus.ru/img/star.png]
[C:/Users/User/Desktop/Кукла лол/lol-belarus.ru/img/foot-bg.jpg]
[C:/Users/User/Desktop/Кукла лол/lol-belarus.ru/css/main.css]
[C:/Users/User/Desktop/Кукла лол/static.best-gooods.ru/fonts/robotothin.woff2]
[C:/Users/User/Desktop/Кукла лол/static.best-gooods.ru/fonts/robotothin.woff]
[C:/Users/User/Desktop/Кукла лол/static.best-gooods.ru/fonts/robotothin.ttf]
[C:/Users/User/Desktop/Кукла лол/static.best-gooods.ru/fonts/robotothinitalic.woff2]
[C:/Users/User/Desktop/Кукла лол/static.best-gooods.ru/fonts/robotothinitalic.woff]
[C:/Users/User/Desktop/Кукла лол/static.best-gooods.ru/fonts/robotothinitalic.ttf]
[C:/Users/User/Desktop/Кукла лол/static.best-gooods.ru/fonts/robotolight.woff2]
[C:/Users/User/Desktop/Кукла лол/static.best-gooods.ru/fonts/robotolight.woff]
[C:/Users/User/Desktop/Кукла лол/static.best-gooods.ru/fonts/robotolight.ttf]
[C:/Users/User/Desktop/Кукла лол/static.best-gooods.ru/fonts/robotolightitalic.woff2]
[C:/Users/User/Desktop/Кукла лол/static.best-gooods.ru/fonts/robotolightitalic.woff]
[C:/Users/User/Desktop/Кукла лол/static.best-gooods.ru/fonts/robotolightitalic.ttf]
[C:/Users/User/Desktop/Кукла лол/static.best-gooods.ru/fonts/roboto.woff2]
[C:/Users/User/Desktop/Кукла лол/static.best-gooods.ru/fonts/roboto.woff]
[C:/Users/User/Desktop/Кукла лол/static.best-gooods.ru/fonts/roboto.ttf]
[C:/Users/User/Desktop/Кукла лол/static.best-gooods.ru/fonts/robotoitalic.woff2]
[C:/Users/User/Desktop/Кукла лол/static.best-gooods.ru/fonts/robotoitalic.woff]
[C:/Users/User/Desktop/Кукла лол/static.best-gooods.ru/fonts/robotoitalic.ttf]
[C:/Users/User/Desktop/Кукла лол/static.best-gooods.ru/fonts/robotomedium.woff2]
[C:/Users/User/Desktop/Кукла лол/static.best-gooods.ru/fonts/robotomedium.woff]
[C:/Users/User/Desktop/Кукла лол/static.best-gooods.ru/fonts/robotomedium.ttf]
[C:/Users/User/Desktop/Кукла лол/static.best-gooods.ru/fonts/robotomediumitalic.woff2]
[C:/Users/User/Desktop/Кукла лол/static.best-gooods.ru/fonts/robotomediumitalic.woff]
[C:/Users/User/Desktop/Кукла лол/static.best-gooods.ru/fonts/robotomediumitalic.ttf]
[C:/Users/User/Desktop/Кукла лол/static.best-gooods.ru/fonts/robotobold.woff2]
[C:/Users/User/Desktop/Кукла лол/static.best-gooods.ru/fonts/robotobold.woff]
[C:/Users/User/Desktop/Кукла лол/static.best-gooods.ru/fonts/robotobold.ttf]
[C:/Users/User/Desktop/Кукла лол/static.best-gooods.ru/fonts/robotobolditalic.woff2]
[C:/Users/User/Desktop/Кукла лол/static.best-gooods.ru/fonts/robotobolditalic.woff]
[C:/Users/User/Desktop/Кукла лол/static.best-gooods.ru/fonts/robotobolditalic.ttf]
[C:/Users/User/Desktop/Кукла лол/static.best-gooods.ru/fonts/robotoblack.woff2]
[C:/Users/User/Desktop/Кукла лол/static.best-gooods.ru/fonts/robotoblack.woff]
[C:/Users/User/Desktop/Кукла лол/static.best-gooods.ru/fonts/robotoblack.ttf]
[C:/Users/User/Desktop/Кукла лол/static.best-gooods.ru/fonts/robotoblackitalic.woff2]
[C:/Users/User/Desktop/Кукла лол/static.best-gooods.ru/fonts/robotoblackitalic.woff]
[C:/Users/User/Desktop/Кукла лол/static.best-gooods.ru/fonts/robotoblackitalic.ttf]
[C:/Users/User/Desktop/Кукла лол/static.best-gooods.ru/fonts/roboto.css]
[C:/Users/User/Desktop/Кукла лол/static.best-gooods.ru/js/jquery.js]
[C:/Users/User/Desktop/Кукла лол/static.best-gooods.ru/css/popup-m1-phone.png]
[C:/Users/User/Desktop/Кукла лол/static.best-gooods.ru/css/popup-m1-style7b30.css]
[C:/Users/User/Desktop/Кукла лол/lol-belarus.ru/js/popup-m1.js]
[C:/Users/User/Desktop/Кукла лол/lol-belarus.ru/index-2.html]
[C:/Users/User/Desktop/Кукла лол/lol-belarus.ru/index.html@page=politics.html]
[C:/Users/User/Desktop/Кукла лол/lol-belarus.ru/index.html@page=agreement.html]
[C:/Users/User/Desktop/Кукла лол/lol-belarus.ru/js/count.js]
[C:/Users/User/Desktop/Кукла лол/lol-belarus.ru/js/jquery.panorama.js]
[C:/Users/User/Desktop/Кукла лол/lol-belarus.ru/js/slick.min.js]
[C:/Users/User/Desktop/Кукла лол/lol-belarus.ru/js/init.js]
[C:/Users/User/Desktop/Кукла лол/mc.yandex.ru/metrika/watch.js]
[C:/Users/User/Desktop/Кукла лол/lol-belarus.ru/fonts/BloggerSans-Bold.html]
[C:/Users/User/Desktop/Кукла лол/lol-belarus.ru/fonts/BloggerSans-Bold-2.html]
[C:/Users/User/Desktop/Кукла лол/lol-belarus.ru/fonts/BloggerSans-Bold-3.html]
[C:/Users/User/Desktop/Кукла лол/lol-belarus.ru/img/but-sl.html]
[C:/Users/User/Desktop/Кукла лол/lol-belarus.ru/img/top-bg-640.html]
[C:/Users/User/Desktop/Кукла лол/lol-belarus.ru/img/foot-bg-640.html]
[C:/Users/User/Desktop/Кукла лол/lol-belarus.ru/img/top-bg-320.html]
[C:/Users/User/Desktop/Кукла лол/lol-belarus.ru/img/foot-bg-320.html]
[C:/Users/User/Desktop/Кукла лол/lol-belarus.ru/get.html]
[C:/Users/User/Desktop/Кукла лол/lol-belarus.ru/path.html]
[C:/Users/User/Desktop/Кукла лол/lol-belarus.ru/banners.adfox.ru/index.html]
[C:/Users/User/Desktop/Кукла лол/lol-belarus.ru/awaps.yandex.net/index.html]
